Copyright 1986-2022 Xilinx, Inc. All Rights Reserved.
-------------------------------------------------------------------------------------------
| Tool Version : Vivado v.2022.1 (win64) Build 3526262 Mon Apr 18 15:48:16 MDT 2022
| Date         : Mon Mar 31 17:14:20 2025
| Host         : MUGEN running 64-bit major release  (build 9200)
| Command      : report_control_sets -verbose -file parser_wrapper_control_sets_placed.rpt
| Design       : parser_wrapper
| Device       : xc7a200t
-------------------------------------------------------------------------------------------

Control Set Information

Table of Contents
-----------------
1. Summary
2. Histogram
3. Flip-Flop Distribution
4. Detailed Control Set Information

1. Summary
----------

+----------------------------------------------------------+-------+
|                          Status                          | Count |
+----------------------------------------------------------+-------+
| Total control sets                                       |   153 |
|    Minimum number of control sets                        |   153 |
|    Addition due to synthesis replication                 |     0 |
|    Addition due to physical synthesis replication        |     0 |
| Unused register locations in slices containing registers |   480 |
+----------------------------------------------------------+-------+
* Control sets can be merged at opt_design using control_set_merge or merge_equivalent_drivers
** Run report_qor_suggestions for automated merging and remapping suggestions


2. Histogram
------------

+--------------------+-------+
|       Fanout       | Count |
+--------------------+-------+
| Total control sets |   153 |
| >= 0 to < 4        |    15 |
| >= 4 to < 6        |    11 |
| >= 6 to < 8        |    10 |
| >= 8 to < 10       |     7 |
| >= 10 to < 12      |    17 |
| >= 12 to < 14      |    12 |
| >= 14 to < 16      |    12 |
| >= 16              |    69 |
+--------------------+-------+
* Control sets can be remapped at either synth_design or opt_design


3. Flip-Flop Distribution
-------------------------

+--------------+-----------------------+------------------------+-----------------+--------------+
| Clock Enable | Synchronous Set/Reset | Asynchronous Set/Reset | Total Registers | Total Slices |
+--------------+-----------------------+------------------------+-----------------+--------------+
| No           | No                    | No                     |             459 |          184 |
| No           | No                    | Yes                    |              52 |           16 |
| No           | Yes                   | No                     |            1171 |          341 |
| Yes          | No                    | No                     |             684 |          184 |
| Yes          | No                    | Yes                    |              53 |           22 |
| Yes          | Yes                   | No                     |            1709 |          592 |
+--------------+-----------------------+------------------------+-----------------+--------------+


4. Detailed Control Set Information
-----------------------------------

+----------------------------------------------------------+----------------------------------------------------------------------------------------------------------------------------------------------------------------------------------------------------------+----------------------------------------------------------------------------------------------------------------------------------------------+------------------+----------------+--------------+
|                       Clock Signal                       |                                                                                               Enable Signal                                                                                              |                                                               Set/Reset Signal                                                               | Slice Load Count | Bel Load Count | Bels / Slice |
+----------------------------------------------------------+----------------------------------------------------------------------------------------------------------------------------------------------------------------------------------------------------------+----------------------------------------------------------------------------------------------------------------------------------------------+------------------+----------------+--------------+
|  parser_i/clk_wiz_0/inst/clk_out1                        | parser_i/microblaze_0/U0/MicroBlaze_Core_I/Performance.Core/Decode_I/Use_MuxCy[3].OF_Piperun_Stage/MUXCY_I/mem_div_iterate_reg                                                                           | parser_i/microblaze_0/U0/MicroBlaze_Core_I/Performance.Core/Decode_I/Use_MuxCy[3].OF_Piperun_Stage/MUXCY_I/ex_valid_reg_0                    |                1 |              1 |         1.00 |
|  parser_i/mdm_1/U0/Use_E2.BSCAN_I/Dbg_Update_0_BUFG      | parser_i/microblaze_0/U0/MicroBlaze_Core_I/Performance.Core/Use_Debug_Logic.Master_Core.Debug_Perf/Control_Reg_En                                                                                        | parser_i/microblaze_0/U0/MicroBlaze_Core_I/Performance.Core/Use_Debug_Logic.Master_Core.Debug_Perf/Serial_Dbg_Intf.continue_from_brk_reg_n_0 |                1 |              1 |         1.00 |
| ~parser_i/mdm_1/U0/Use_E2.BSCAN_I/Dbg_Update_0_BUFG      |                                                                                                                                                                                                          | parser_i/mdm_1/U0/MDM_Core_I1/JTAG_CONTROL_I/sel_n                                                                                           |                1 |              1 |         1.00 |
|  parser_i/mdm_1/U0/No_Dbg_Reg_Access.BUFG_DRCK/Dbg_Clk_0 | parser_i/mdm_1/U0/Use_E2.BSCAN_I/Use_E2.BSCANE2_I_0                                                                                                                                                      | parser_i/mdm_1/U0/MDM_Core_I1/JTAG_CONTROL_I/Functional_Reset                                                                                |                1 |              1 |         1.00 |
|  parser_i/clk_wiz_0/inst/clk_out1                        | parser_i/microblaze_0/U0/MicroBlaze_Core_I/Performance.Core/Data_Flow_I/FPU_I/Use_FPU.FPU_DIV_I/mem_start_div                                                                                            | parser_i/microblaze_0/U0/MicroBlaze_Core_I/Performance.Core/Data_Flow_I/Data_Flow_Logic_I/SR[0]                                              |                1 |              1 |         1.00 |
|  parser_i/clk_wiz_0/inst/clk_out1                        |                                                                                                                                                                                                          | parser_i/microblaze_0/U0/MicroBlaze_Core_I/Performance.Core/Use_Debug_Logic.Master_Core.Debug_Perf/Serial_Dbg_Intf.capture_1                 |                1 |              1 |         1.00 |
|  parser_i/clk_wiz_0/inst/clk_out1                        | parser_i/microblaze_0/U0/MicroBlaze_Core_I/Performance.Core/Decode_I/mem_wait_on_ready_N_carry_or/MUXCY_I/lopt_1                                                                                         | parser_i/microblaze_0/U0/MicroBlaze_Core_I/Performance.Core/Data_Flow_I/FPU_I/Use_FPU.wb_fpu_result_i[31]_i_1_n_0                            |                1 |              1 |         1.00 |
|  parser_i/mdm_1/U0/Use_E2.BSCAN_I/Dbg_Update_0_BUFG      | parser_i/microblaze_0/U0/MicroBlaze_Core_I/Performance.Core/Use_Debug_Logic.Master_Core.Debug_Perf/Control_Reg_En                                                                                        | parser_i/microblaze_0/U0/MicroBlaze_Core_I/Performance.Core/Use_Debug_Logic.Master_Core.Debug_Perf/Serial_Dbg_Intf.force_stop_cmd_i_reg_0    |                1 |              1 |         1.00 |
| ~parser_i/mdm_1/U0/No_Dbg_Reg_Access.BUFG_DRCK/Dbg_Clk_0 | parser_i/mdm_1/U0/MDM_Core_I1/JTAG_CONTROL_I/Use_BSCAN.FDC_I/CE                                                                                                                                          | parser_i/mdm_1/U0/MDM_Core_I1/JTAG_CONTROL_I/Use_BSCAN.FDC_I/D                                                                               |                1 |              1 |         1.00 |
|  parser_i/clk_wiz_0/inst/clk_out1                        |                                                                                                                                                                                                          | parser_i/microblaze_0/U0/MicroBlaze_Core_I/Performance.Core/Decode_I/ex_valid_reg_0                                                          |                1 |              1 |         1.00 |
|  parser_i/mdm_1/U0/Use_E2.BSCAN_I/Dbg_Update_0_BUFG      | parser_i/microblaze_0/U0/MicroBlaze_Core_I/Performance.Core/Use_Debug_Logic.Master_Core.Debug_Perf/Control_Reg_En                                                                                        | parser_i/microblaze_0/U0/MicroBlaze_Core_I/Performance.Core/Use_Debug_Logic.Master_Core.Debug_Perf/Serial_Dbg_Intf.normal_stop_cmd_i_reg_n_0 |                1 |              1 |         1.00 |
|  parser_i/mdm_1/U0/Use_E2.BSCAN_I/Dbg_Update_0_BUFG      | parser_i/microblaze_0/U0/MicroBlaze_Core_I/Performance.Core/Use_Debug_Logic.Master_Core.Debug_Perf/Control_Reg_En                                                                                        | parser_i/microblaze_0/U0/MicroBlaze_Core_I/Performance.Core/Use_Debug_Logic.Master_Core.Debug_Perf/start_single_step_reg_n_0                 |                1 |              1 |         1.00 |
|  parser_i/mdm_1/U0/Use_E2.BSCAN_I/Dbg_Update_0_BUFG      | parser_i/microblaze_0/U0/MicroBlaze_Core_I/Performance.Core/Use_Debug_Logic.Master_Core.Debug_Perf/Command_Reg_En                                                                                        | parser_i/microblaze_0/U0/MicroBlaze_Core_I/Performance.Core/Use_Debug_Logic.Master_Core.Debug_Perf/command_reg_clear                         |                1 |              2 |         2.00 |
|  parser_i/clk_wiz_0/inst/clk_out1                        |                                                                                                                                                                                                          | parser_i/microblaze_0/U0/MicroBlaze_Core_I/Performance.Core/Data_Flow_I/FPU_I/Use_FPU.FPU_ADDSUB_I/mem_left_shift_4                          |                1 |              3 |         3.00 |
|  parser_i/mdm_1/U0/Use_E2.BSCAN_I/Dbg_Update_0_BUFG      |                                                                                                                                                                                                          |                                                                                                                                              |                2 |              3 |         1.50 |
|  parser_i/clk_wiz_0/inst/clk_out1                        | parser_i/axi_uartlite_0/U0/AXI_LITE_IPIF_I/I_SLAVE_ATTACHMENT/start2                                                                                                                                     | parser_i/axi_uartlite_0/U0/AXI_LITE_IPIF_I/I_SLAVE_ATTACHMENT/I_DECODER/cs_ce_clr                                                            |                1 |              4 |         4.00 |
|  parser_i/mdm_1/U0/No_Dbg_Reg_Access.BUFG_DRCK/Dbg_Clk_0 | parser_i/mdm_1/U0/MDM_Core_I1/Use_BSCAN.TDI_Shifter0                                                                                                                                                     | parser_i/mdm_1/U0/Use_E2.BSCAN_I/AR[0]                                                                                                       |                1 |              4 |         4.00 |
|  parser_i/mdm_1/U0/Use_E2.BSCAN_I/Dbg_Update_0_BUFG      | parser_i/microblaze_0/U0/MicroBlaze_Core_I/Performance.Core/Use_Debug_Logic.Master_Core.Debug_Perf/Control_Reg_En                                                                                        |                                                                                                                                              |                2 |              4 |         2.00 |
|  parser_i/clk_wiz_0/inst/clk_out1                        | parser_i/object_localizer_1/inst/u0/valid_counter[3]_i_2_n_0                                                                                                                                             | parser_i/object_localizer_1/inst/u0/valid_counter[3]_i_1_n_0                                                                                 |                1 |              4 |         4.00 |
|  parser_i/clk_wiz_0/inst/clk_out1                        | parser_i/axi_uartlite_0/U0/UARTLITE_CORE_I/BAUD_RATE_I/en_16x_Baud                                                                                                                                       |                                                                                                                                              |                1 |              4 |         4.00 |
|  parser_i/mdm_1/U0/Use_E2.BSCAN_I/Dbg_Update_0_BUFG      | parser_i/mdm_1/U0/MDM_Core_I1/Use_BSCAN.MDM_SEL                                                                                                                                                          | parser_i/mdm_1/U0/Use_E2.BSCAN_I/AR[0]                                                                                                       |                1 |              4 |         4.00 |
| ~parser_i/mdm_1/U0/Use_E2.BSCAN_I/Dbg_Update_0_BUFG      |                                                                                                                                                                                                          | parser_i/mdm_1/U0/Use_E2.BSCAN_I/AR[0]                                                                                                       |                1 |              4 |         4.00 |
|  parser_i/clk_wiz_0/inst/clk_out1                        | parser_i/microblaze_0/U0/MicroBlaze_Core_I/Performance.Core/Data_Flow_I/FPU_I/Use_FPU.FPU_DIV_I/mem_div_delay_reg[2]_2[0]                                                                                | parser_i/microblaze_0/U0/MicroBlaze_Core_I/sync_reset                                                                                        |                2 |              5 |         2.50 |
|  parser_i/clk_wiz_0/inst/clk_out1                        | parser_i/microblaze_0/U0/MicroBlaze_Core_I/Performance.Core/Decode_I/wb_Halted                                                                                                                           | parser_i/microblaze_0/U0/MicroBlaze_Core_I/sync_reset                                                                                        |                2 |              5 |         2.50 |
|  parser_i/clk_wiz_0/inst/clk_out1                        | parser_i/microblaze_0/U0/MicroBlaze_Core_I/Performance.Core/Decode_I/mem_wait_on_ready_N_carry_or/MUXCY_I/lopt_1                                                                                         | parser_i/microblaze_0/U0/MicroBlaze_Core_I/Performance.Core/Decode_I/SR[0]                                                                   |                1 |              5 |         5.00 |
|  parser_i/clk_wiz_0/inst/clk_out1                        |                                                                                                                                                                                                          | parser_i/rst_clk_wiz_0_100M/U0/EXT_LPF/lpf_int                                                                                               |                2 |              5 |         2.50 |
|  parser_i/clk_wiz_0/inst/clk_out1                        |                                                                                                                                                                                                          | parser_i/axi_uartlite_0/U0/UARTLITE_CORE_I/UARTLITE_TX_I/SRL_FIFO_I/I_SRL_FIFO_RBU_F/CNTR_INCR_DECR_ADDN_F_I/SS[0]                           |                3 |              6 |         2.00 |
|  parser_i/mdm_1/U0/No_Dbg_Reg_Access.BUFG_DRCK/Dbg_Clk_0 | parser_i/mdm_1/U0/Use_E2.BSCAN_I/sel                                                                                                                                                                     |                                                                                                                                              |                2 |              6 |         3.00 |
|  parser_i/clk_wiz_0/inst/clk_out1                        |                                                                                                                                                                                                          | parser_i/axi_uartlite_0/U0/UARTLITE_CORE_I/UARTLITE_RX_I/SRL_FIFO_I/I_SRL_FIFO_RBU_F/CNTR_INCR_DECR_ADDN_F_I/SS[0]                           |                2 |              6 |         3.00 |
|  parser_i/clk_wiz_0/inst/clk_out1                        | parser_i/object_localizer_1/inst/u_axi_slave_interface/axi_arready0                                                                                                                                      | parser_i/object_localizer_1/inst/u_axi_slave_interface/SR[0]                                                                                 |                2 |              6 |         3.00 |
|  parser_i/clk_wiz_0/inst/clk_out1                        | parser_i/microblaze_0/U0/MicroBlaze_Core_I/Performance.Core/Data_Flow_I/FPU_I/Use_FPU.mem_float_operation_2                                                                                              |                                                                                                                                              |                4 |              6 |         1.50 |
|  parser_i/mdm_1/U0/No_Dbg_Reg_Access.BUFG_DRCK/Dbg_Clk_0 | parser_i/mdm_1/U0/Use_E2.BSCAN_I/Use_E2.BSCANE2_I_2                                                                                                                                                      |                                                                                                                                              |                2 |              6 |         3.00 |
|  parser_i/clk_wiz_0/inst/clk_out1                        | parser_i/rst_clk_wiz_0_100M/U0/SEQ/seq_cnt_en                                                                                                                                                            | parser_i/rst_clk_wiz_0_100M/U0/SEQ/SEQ_COUNTER/clear                                                                                         |                1 |              6 |         6.00 |
|  parser_i/mdm_1/U0/No_Dbg_Reg_Access.BUFG_DRCK/Dbg_Clk_0 | parser_i/mdm_1/U0/MDM_Core_I1/JTAG_CONTROL_I/Use_BSCAN.FDC_I/sample_1                                                                                                                                    |                                                                                                                                              |                1 |              6 |         6.00 |
|  parser_i/clk_wiz_0/inst/clk_out1                        | parser_i/object_localizer_1/inst/u_axi_slave_interface/axi_awready0                                                                                                                                      | parser_i/object_localizer_1/inst/u_axi_slave_interface/SR[0]                                                                                 |                1 |              7 |         7.00 |
|  parser_i/clk_wiz_0/inst/clk_out1                        | parser_i/axi_uartlite_0/U0/UARTLITE_CORE_I/BAUD_RATE_I/en_16x_Baud                                                                                                                                       | parser_i/axi_uartlite_0/U0/UARTLITE_CORE_I/UARTLITE_RX_I/SERIAL_TO_PARALLEL[8].fifo_din[8]_i_1_n_0                                           |                1 |              7 |         7.00 |
|  parser_i/mdm_1/U0/Use_E2.BSCAN_I/Dbg_Update_0_BUFG      | parser_i/mdm_1/U0/MDM_Core_I1/JTAG_CONTROL_I/Use_BSCAN.FDC_I/command_10                                                                                                                                  |                                                                                                                                              |                1 |              8 |         8.00 |
|  parser_i/mdm_1/U0/No_Dbg_Reg_Access.BUFG_DRCK/Dbg_Clk_0 | parser_i/microblaze_0/U0/MicroBlaze_Core_I/Performance.Core/Use_Debug_Logic.Master_Core.Debug_Perf/Using_PC_Breakpoints.All_PC_Brks[0].Serial_Interface_1.address_hit_I/Compare[0].SRLC16E_I/which_pc__0 |                                                                                                                                              |                7 |              8 |         1.14 |
|  parser_i/clk_wiz_0/inst/clk_out1                        | parser_i/axi_uartlite_0/U0/AXI_LITE_IPIF_I/I_SLAVE_ATTACHMENT/s_axi_rresp_i                                                                                                                              | parser_i/axi_uartlite_0/U0/AXI_LITE_IPIF_I/I_SLAVE_ATTACHMENT/rst                                                                            |                4 |              8 |         2.00 |
|  parser_i/clk_wiz_0/inst/clk_out1                        | parser_i/axi_uartlite_0/U0/UARTLITE_CORE_I/UARTLITE_RX_I/SRL_FIFO_I/I_SRL_FIFO_RBU_F/DYNSHREG_F_I/fifo_wr                                                                                                |                                                                                                                                              |                1 |              8 |         8.00 |
|  parser_i/mdm_1/U0/No_Dbg_Reg_Access.BUFG_DRCK/Dbg_Clk_0 | parser_i/mdm_1/U0/MDM_Core_I1/JTAG_CONTROL_I/tdi_shifter0                                                                                                                                                |                                                                                                                                              |                3 |              8 |         2.67 |
|  parser_i/clk_wiz_0/inst/clk_out1                        | parser_i/axi_uartlite_0/U0/AXI_LITE_IPIF_I/I_SLAVE_ATTACHMENT/I_DECODER/fifo_wr                                                                                                                          |                                                                                                                                              |                1 |              8 |         8.00 |
| ~parser_i/mdm_1/U0/Use_E2.BSCAN_I/Dbg_Update_0_BUFG      | parser_i/mdm_1/U0/MDM_Core_I1/JTAG_CONTROL_I/Use_BSCAN.command[0]_i_1_n_0                                                                                                                                |                                                                                                                                              |                1 |              8 |         8.00 |
|  parser_i/clk_wiz_0/inst/clk_out1                        |                                                                                                                                                                                                          | parser_i/array_parser_0/inst/genblk1[11].ultrasonic_sensor/counter[9]_i_1__10_n_0                                                            |                4 |             10 |         2.50 |
|  parser_i/clk_wiz_0/inst/clk_out1                        |                                                                                                                                                                                                          | parser_i/array_parser_0/inst/genblk1[1].ultrasonic_sensor/counter[9]_i_1__0_n_0                                                              |                3 |             10 |         3.33 |
|  parser_i/clk_wiz_0/inst/clk_out1                        |                                                                                                                                                                                                          | parser_i/array_parser_0/inst/genblk1[2].ultrasonic_sensor/counter[9]_i_1__1_n_0                                                              |                4 |             10 |         2.50 |
|  parser_i/clk_wiz_0/inst/clk_out1                        |                                                                                                                                                                                                          | parser_i/axi_uartlite_0/U0/AXI_LITE_IPIF_I/I_SLAVE_ATTACHMENT/rst                                                                            |                4 |             10 |         2.50 |
|  parser_i/clk_wiz_0/inst/clk_out1                        |                                                                                                                                                                                                          | parser_i/array_parser_0/inst/genblk1[8].ultrasonic_sensor/counter[9]_i_1__7_n_0                                                              |                4 |             10 |         2.50 |
|  parser_i/clk_wiz_0/inst/clk_out1                        |                                                                                                                                                                                                          | parser_i/array_parser_0/inst/genblk1[9].ultrasonic_sensor/counter[9]_i_1__8_n_0                                                              |                4 |             10 |         2.50 |
|  parser_i/clk_wiz_0/inst/clk_out1                        |                                                                                                                                                                                                          | parser_i/array_parser_0/inst/genblk1[5].ultrasonic_sensor/counter[9]_i_1__4_n_0                                                              |                3 |             10 |         3.33 |
|  parser_i/clk_wiz_0/inst/clk_out1                        |                                                                                                                                                                                                          | parser_i/array_parser_0/inst/genblk1[6].ultrasonic_sensor/counter[9]_i_1__5_n_0                                                              |                4 |             10 |         2.50 |
|  parser_i/clk_wiz_0/inst/clk_out1                        |                                                                                                                                                                                                          | parser_i/array_parser_0/inst/genblk1[7].ultrasonic_sensor/counter[9]_i_1__6_n_0                                                              |                4 |             10 |         2.50 |
|  parser_i/clk_wiz_0/inst/clk_out1                        |                                                                                                                                                                                                          | parser_i/microblaze_0/U0/MicroBlaze_Core_I/Performance.Core/Data_Flow_I/Data_Flow_Logic_I/in00                                               |                5 |             10 |         2.00 |
|  parser_i/clk_wiz_0/inst/clk_out1                        |                                                                                                                                                                                                          | parser_i/array_parser_0/inst/genblk1[4].ultrasonic_sensor/counter[9]_i_1__3_n_0                                                              |                3 |             10 |         3.33 |
|  parser_i/clk_wiz_0/inst/clk_out1                        | parser_i/microblaze_0/U0/MicroBlaze_Core_I/Performance.Core/Decode_I/Use_MuxCy[3].OF_Piperun_Stage/MUXCY_I/p_44_in                                                                                       | parser_i/microblaze_0/U0/MicroBlaze_Core_I/sync_reset                                                                                        |                3 |             10 |         3.33 |
|  parser_i/mdm_1/U0/No_Dbg_Reg_Access.BUFG_DRCK/Dbg_Clk_0 | parser_i/mdm_1/U0/MDM_Core_I1/JTAG_CONTROL_I/Use_BSCAN.FDC_I/Use_Serial_Unified_Completion.completion_block_reg                                                                                          |                                                                                                                                              |                4 |             10 |         2.50 |
|  parser_i/clk_wiz_0/inst/clk_out1                        |                                                                                                                                                                                                          | parser_i/array_parser_0/inst/genblk1[3].ultrasonic_sensor/counter[9]_i_1__2_n_0                                                              |                3 |             10 |         3.33 |
|  parser_i/clk_wiz_0/inst/clk_out1                        |                                                                                                                                                                                                          | parser_i/array_parser_0/inst/genblk1[0].ultrasonic_sensor/clear                                                                              |                3 |             10 |         3.33 |
|  parser_i/clk_wiz_0/inst/clk_out1                        |                                                                                                                                                                                                          | parser_i/array_parser_0/inst/genblk1[10].ultrasonic_sensor/counter[9]_i_1__9_n_0                                                             |                4 |             10 |         2.50 |
|  parser_i/clk_wiz_0/inst/clk_out1                        |                                                                                                                                                                                                          | parser_i/axi_interconnect_0/xbar/inst/gen_sasd.crossbar_sasd_0/addr_arbiter_inst/SR[0]                                                       |                8 |             11 |         1.38 |
|  parser_i/clk_wiz_0/inst/clk_out1                        | parser_i/array_parser_0/inst/genblk1[8].ultrasonic_sensor/duration_counter[11]_i_1__7_n_0                                                                                                                |                                                                                                                                              |                4 |             12 |         3.00 |
|  parser_i/clk_wiz_0/inst/clk_out1                        | parser_i/array_parser_0/inst/genblk1[6].ultrasonic_sensor/duration_counter[11]_i_1__5_n_0                                                                                                                |                                                                                                                                              |                4 |             12 |         3.00 |
|  parser_i/clk_wiz_0/inst/clk_out1                        | parser_i/array_parser_0/inst/genblk1[2].ultrasonic_sensor/duration_counter[11]_i_1__1_n_0                                                                                                                |                                                                                                                                              |                4 |             12 |         3.00 |
|  parser_i/clk_wiz_0/inst/clk_out1                        | parser_i/array_parser_0/inst/genblk1[7].ultrasonic_sensor/duration_counter[11]_i_1__6_n_0                                                                                                                |                                                                                                                                              |                4 |             12 |         3.00 |
|  parser_i/clk_wiz_0/inst/clk_out1                        | parser_i/array_parser_0/inst/genblk1[0].ultrasonic_sensor/CEA1                                                                                                                                           |                                                                                                                                              |                5 |             12 |         2.40 |
|  parser_i/clk_wiz_0/inst/clk_out1                        | parser_i/array_parser_0/inst/genblk1[4].ultrasonic_sensor/duration_counter[11]_i_1__3_n_0                                                                                                                |                                                                                                                                              |                4 |             12 |         3.00 |
|  parser_i/clk_wiz_0/inst/clk_out1                        | parser_i/array_parser_0/inst/genblk1[1].ultrasonic_sensor/duration_counter[11]_i_1__0_n_0                                                                                                                |                                                                                                                                              |                3 |             12 |         4.00 |
|  parser_i/clk_wiz_0/inst/clk_out1                        | parser_i/array_parser_0/inst/genblk1[9].ultrasonic_sensor/duration_counter[11]_i_1__8_n_0                                                                                                                |                                                                                                                                              |                5 |             12 |         2.40 |
|  parser_i/clk_wiz_0/inst/clk_out1                        | parser_i/array_parser_0/inst/genblk1[10].ultrasonic_sensor/duration_counter[11]_i_1__9_n_0                                                                                                               |                                                                                                                                              |                4 |             12 |         3.00 |
|  parser_i/clk_wiz_0/inst/clk_out1                        | parser_i/array_parser_0/inst/genblk1[3].ultrasonic_sensor/duration_counter[11]_i_1__2_n_0                                                                                                                |                                                                                                                                              |                4 |             12 |         3.00 |
|  parser_i/clk_wiz_0/inst/clk_out1                        | parser_i/array_parser_0/inst/genblk1[5].ultrasonic_sensor/duration_counter[11]_i_1__4_n_0                                                                                                                |                                                                                                                                              |                4 |             12 |         3.00 |
|  parser_i/clk_wiz_0/inst/clk_out1                        | parser_i/array_parser_0/inst/genblk1[11].ultrasonic_sensor/duration_counter[11]_i_1__10_n_0                                                                                                              |                                                                                                                                              |                4 |             12 |         3.00 |
|  parser_i/clk_wiz_0/inst/clk_out1                        | parser_i/array_parser_0/inst/genblk1[7].ultrasonic_sensor/distance_mm[15]_i_1__3_n_0                                                                                                                     |                                                                                                                                              |                4 |             14 |         3.50 |
|  parser_i/clk_wiz_0/inst/clk_out1                        | parser_i/array_parser_0/inst/genblk1[9].ultrasonic_sensor/distance_mm[15]_i_1__1_n_0                                                                                                                     |                                                                                                                                              |                3 |             14 |         4.67 |
|  parser_i/clk_wiz_0/inst/clk_out1                        | parser_i/array_parser_0/inst/genblk1[8].ultrasonic_sensor/distance_mm[15]_i_1__2_n_0                                                                                                                     |                                                                                                                                              |                4 |             14 |         3.50 |
|  parser_i/clk_wiz_0/inst/clk_out1                        | parser_i/array_parser_0/inst/genblk1[0].ultrasonic_sensor/distance_mm[15]_i_1__10_n_0                                                                                                                    |                                                                                                                                              |                3 |             14 |         4.67 |
|  parser_i/clk_wiz_0/inst/clk_out1                        | parser_i/array_parser_0/inst/genblk1[3].ultrasonic_sensor/distance_mm[15]_i_1__7_n_0                                                                                                                     |                                                                                                                                              |                4 |             14 |         3.50 |
|  parser_i/clk_wiz_0/inst/clk_out1                        | parser_i/array_parser_0/inst/genblk1[4].ultrasonic_sensor/distance_mm[15]_i_1__6_n_0                                                                                                                     |                                                                                                                                              |                2 |             14 |         7.00 |
|  parser_i/clk_wiz_0/inst/clk_out1                        | parser_i/array_parser_0/inst/genblk1[5].ultrasonic_sensor/distance_mm[15]_i_1__5_n_0                                                                                                                     |                                                                                                                                              |                2 |             14 |         7.00 |
|  parser_i/clk_wiz_0/inst/clk_out1                        | parser_i/array_parser_0/inst/genblk1[2].ultrasonic_sensor/distance_mm[15]_i_1__8_n_0                                                                                                                     |                                                                                                                                              |                2 |             14 |         7.00 |
|  parser_i/clk_wiz_0/inst/clk_out1                        | parser_i/array_parser_0/inst/genblk1[1].ultrasonic_sensor/distance_mm[15]_i_1__9_n_0                                                                                                                     |                                                                                                                                              |                3 |             14 |         4.67 |
|  parser_i/clk_wiz_0/inst/clk_out1                        | parser_i/array_parser_0/inst/genblk1[11].ultrasonic_sensor/distance_mm[15]_i_1_n_0                                                                                                                       |                                                                                                                                              |                3 |             14 |         4.67 |
|  parser_i/clk_wiz_0/inst/clk_out1                        | parser_i/array_parser_0/inst/genblk1[6].ultrasonic_sensor/distance_mm[15]_i_1__4_n_0                                                                                                                     |                                                                                                                                              |                3 |             14 |         4.67 |
|  parser_i/clk_wiz_0/inst/clk_out1                        | parser_i/array_parser_0/inst/genblk1[10].ultrasonic_sensor/distance_mm[15]_i_1__0_n_0                                                                                                                    |                                                                                                                                              |                2 |             14 |         7.00 |
|  parser_i/clk_wiz_0/inst/clk_out1                        | parser_i/microblaze_0/U0/MicroBlaze_Core_I/Performance.Core/Decode_I/PreFetch_Buffer_I1/OF_Valid_DFF/E[0]                                                                                                | parser_i/microblaze_0/U0/MicroBlaze_Core_I/sync_reset                                                                                        |                8 |             16 |         2.00 |
|  parser_i/clk_wiz_0/inst/clk_out1                        | parser_i/object_localizer_1/inst/u_axi_slave_interface/slv_reg_rden                                                                                                                                      | parser_i/object_localizer_1/inst/u_axi_slave_interface/axi_rdata[15]                                                                         |               10 |             16 |         1.60 |
|  parser_i/clk_wiz_0/inst/clk_out1                        | parser_i/object_localizer_1/inst/u_axi_slave_interface/sensor_locations[11][0][15]_i_1_n_0                                                                                                               | parser_i/object_localizer_1/inst/u_axi_slave_interface/SR[0]                                                                                 |                5 |             18 |         3.60 |
|  parser_i/clk_wiz_0/inst/clk_out1                        | parser_i/object_localizer_1/inst/u_axi_slave_interface/sensor_locations[1][0][15]_i_1_n_0                                                                                                                | parser_i/object_localizer_1/inst/u_axi_slave_interface/SR[0]                                                                                 |                4 |             18 |         4.50 |
|  parser_i/clk_wiz_0/inst/clk_out1                        | parser_i/object_localizer_1/inst/u_axi_slave_interface/sensor_locations[2][0][15]_i_1_n_0                                                                                                                | parser_i/object_localizer_1/inst/u_axi_slave_interface/SR[0]                                                                                 |                6 |             18 |         3.00 |
|  parser_i/clk_wiz_0/inst/clk_out1                        | parser_i/object_localizer_1/inst/u_axi_slave_interface/sensor_locations[5][0][15]_i_1_n_0                                                                                                                | parser_i/object_localizer_1/inst/u_axi_slave_interface/SR[0]                                                                                 |                6 |             18 |         3.00 |
|  parser_i/clk_wiz_0/inst/clk_out1                        | parser_i/object_localizer_1/inst/u_axi_slave_interface/sensor_locations[9][0][15]_i_1_n_0                                                                                                                | parser_i/object_localizer_1/inst/u_axi_slave_interface/SR[0]                                                                                 |                8 |             18 |         2.25 |
|  parser_i/clk_wiz_0/inst/clk_out1                        | parser_i/object_localizer_1/inst/u_axi_slave_interface/sensor_locations[0][0][15]_i_1_n_0                                                                                                                | parser_i/object_localizer_1/inst/u_axi_slave_interface/SR[0]                                                                                 |                6 |             18 |         3.00 |
|  parser_i/clk_wiz_0/inst/clk_out1                        | parser_i/object_localizer_1/inst/u_axi_slave_interface/sensor_locations[3][0][15]_i_1_n_0                                                                                                                | parser_i/object_localizer_1/inst/u_axi_slave_interface/SR[0]                                                                                 |                6 |             18 |         3.00 |
|  parser_i/clk_wiz_0/inst/clk_out1                        | parser_i/object_localizer_1/inst/u_axi_slave_interface/sensor_locations[8][0][15]_i_1_n_0                                                                                                                | parser_i/object_localizer_1/inst/u_axi_slave_interface/SR[0]                                                                                 |                5 |             18 |         3.60 |
|  parser_i/clk_wiz_0/inst/clk_out1                        | parser_i/object_localizer_1/inst/u_axi_slave_interface/sensor_locations[6][0][15]_i_1_n_0                                                                                                                | parser_i/object_localizer_1/inst/u_axi_slave_interface/SR[0]                                                                                 |                5 |             18 |         3.60 |
|  parser_i/clk_wiz_0/inst/clk_out1                        | parser_i/object_localizer_1/inst/u_axi_slave_interface/sensor_locations[7][0][15]_i_1_n_0                                                                                                                | parser_i/object_localizer_1/inst/u_axi_slave_interface/SR[0]                                                                                 |                6 |             18 |         3.00 |
|  parser_i/clk_wiz_0/inst/clk_out1                        | parser_i/object_localizer_1/inst/u_axi_slave_interface/sensor_locations[10][0][15]_i_1_n_0                                                                                                               | parser_i/object_localizer_1/inst/u_axi_slave_interface/SR[0]                                                                                 |                5 |             18 |         3.60 |
|  parser_i/clk_wiz_0/inst/clk_out1                        | parser_i/object_localizer_1/inst/u_axi_slave_interface/sensor_locations[4][0][15]_i_1_n_0                                                                                                                | parser_i/object_localizer_1/inst/u_axi_slave_interface/SR[0]                                                                                 |                3 |             18 |         6.00 |
|  parser_i/clk_wiz_0/inst/clk_out1                        | parser_i/microblaze_0/U0/MicroBlaze_Core_I/Performance.Core/Decode_I/mem_wait_on_ready_N_carry_or/MUXCY_I/lopt_1                                                                                         | parser_i/microblaze_0/U0/MicroBlaze_Core_I/sync_reset                                                                                        |                8 |             20 |         2.50 |
|  parser_i/clk_wiz_0/inst/clk_out1                        | parser_i/object_localizer_1/inst/u0/genblk1[1].min_u0/min_index0_carry__0_n_0                                                                                                                            | parser_i/object_localizer_1/inst/u0/genblk1[1].min_u0/SS[0]                                                                                  |                5 |             20 |         4.00 |
|  parser_i/clk_wiz_0/inst/clk_out1                        | parser_i/object_localizer_1/inst/u0/min_3_valid                                                                                                                                                          |                                                                                                                                              |                3 |             20 |         6.67 |
|  parser_i/clk_wiz_0/inst/clk_out1                        |                                                                                                                                                                                                          | parser_i/object_localizer_1/inst/p2s/genblk1[0].valids_reg[0]_0                                                                              |                4 |             20 |         5.00 |
|  parser_i/clk_wiz_0/inst/clk_out1                        | parser_i/object_localizer_1/inst/u0/genblk1[0].min_u0/min_index0_carry__0_n_0                                                                                                                            | parser_i/object_localizer_1/inst/u0/genblk1[1].min_u0/SS[0]                                                                                  |                8 |             20 |         2.50 |
|  parser_i/clk_wiz_0/inst/clk_out1                        | parser_i/array_parser_0/inst/genblk1[5].ultrasonic_sensor/state_reg                                                                                                                                      | parser_i/array_parser_0/inst/genblk1[5].ultrasonic_sensor/counter_reg[16]                                                                    |                5 |             20 |         4.00 |
|  parser_i/clk_wiz_0/inst/clk_out1                        | parser_i/object_localizer_1/inst/u0/genblk1[2].min_u0/min_index0_carry__0_n_0                                                                                                                            | parser_i/object_localizer_1/inst/u0/genblk1[1].min_u0/SS[0]                                                                                  |                5 |             20 |         4.00 |
|  parser_i/clk_wiz_0/inst/clk_out1                        | parser_i/microblaze_0/U0/MicroBlaze_Core_I/Performance.Core/Decode_I/mem_wait_on_ready_N_carry_or/MUXCY_I/lopt_1                                                                                         | parser_i/microblaze_0/U0/MicroBlaze_Core_I/Performance.Core/Data_Flow_I/FPU_I/Use_FPU.wb_fpu_result_i[10]_i_1_n_0                            |                6 |             21 |         3.50 |
|  parser_i/mdm_1/U0/No_Dbg_Reg_Access.BUFG_DRCK/Dbg_Clk_0 |                                                                                                                                                                                                          | parser_i/mdm_1/U0/Use_E2.BSCAN_I/Use_E2.BSCANE2_I_4                                                                                          |                5 |             23 |         4.60 |
|  parser_i/clk_wiz_0/inst/clk_out1                        | parser_i/axi_interconnect_0/xbar/inst/gen_sasd.crossbar_sasd_0/addr_arbiter_inst/p_0_in1_in                                                                                                              | parser_i/axi_interconnect_0/xbar/inst/gen_sasd.crossbar_sasd_0/addr_arbiter_inst/SR[0]                                                       |                6 |             23 |         3.83 |
|  parser_i/clk_wiz_0/inst/clk_out1                        |                                                                                                                                                                                                          | parser_i/proportional_control_0/inst/u0/pwm_pan_i_1_n_0                                                                                      |                8 |             23 |         2.88 |
|  parser_i/clk_wiz_0/inst/clk_out1                        | parser_i/microblaze_0/U0/MicroBlaze_Core_I/Performance.Core/Decode_I/Use_MuxCy[3].OF_Piperun_Stage/MUXCY_I/mem_div_iterate_reg                                                                           |                                                                                                                                              |                5 |             24 |         4.80 |
|  parser_i/clk_wiz_0/inst/clk_out1                        | parser_i/microblaze_0/U0/MicroBlaze_Core_I/Performance.Core/Data_Flow_I/FPU_I/Use_FPU.FPU_DIV_I/E[0]                                                                                                     | parser_i/microblaze_0/U0/MicroBlaze_Core_I/Performance.Core/Data_Flow_I/FPU_I/Use_FPU.FPU_DIV_I/mem_reset_Q                                  |                9 |             24 |         2.67 |
|  parser_i/clk_wiz_0/inst/clk_out1                        | parser_i/microblaze_0/U0/MicroBlaze_Core_I/Performance.Core/Decode_I/Use_MuxCy[3].OF_Piperun_Stage/MUXCY_I/p_44_in                                                                                       |                                                                                                                                              |                7 |             24 |         3.43 |
|  parser_i/clk_wiz_0/inst/clk_out1                        |                                                                                                                                                                                                          | parser_i/microblaze_0/U0/MicroBlaze_Core_I/Performance.Core/Data_Flow_I/Data_Flow_Logic_I/SR[0]                                              |               14 |             26 |         1.86 |
|  parser_i/clk_wiz_0/inst/clk_out1                        | parser_i/axi_uartlite_0/U0/UARTLITE_CORE_I/BAUD_RATE_I/en_16x_Baud                                                                                                                                       | parser_i/axi_uartlite_0/U0/UARTLITE_CORE_I/UARTLITE_RX_I/s_axi_aresetn_0                                                                     |                5 |             28 |         5.60 |
|  parser_i/clk_wiz_0/inst/clk_out1                        |                                                                                                                                                                                                          | parser_i/axi_uartlite_0/U0/UARTLITE_CORE_I/UARTLITE_RX_I/s_axi_aresetn_0                                                                     |               10 |             30 |         3.00 |
|  parser_i/clk_wiz_0/inst/clk_out1                        | parser_i/microblaze_0/U0/MicroBlaze_Core_I/Performance.Core/Decode_I/mem_wait_on_ready_N_carry_or/MUXCY_I/lopt_1                                                                                         | parser_i/microblaze_0/U0/MicroBlaze_Core_I/Performance.Core/Decode_I/Use_Async_Reset.sync_reset_reg[0]                                       |               10 |             32 |         3.20 |
|  parser_i/clk_wiz_0/inst/clk_out1                        | parser_i/object_localizer_1/inst/u_axi_slave_interface/sensor_locations[1][2][15]_i_1_n_0                                                                                                                | parser_i/object_localizer_1/inst/u_axi_slave_interface/SR[0]                                                                                 |               15 |             32 |         2.13 |
|  parser_i/clk_wiz_0/inst/clk_out1                        | parser_i/microblaze_0/U0/MicroBlaze_Core_I/Performance.Core/Use_Debug_Logic.Master_Core.Debug_Perf/data_rd_reg[0]_i_1_n_0                                                                                | parser_i/microblaze_0/U0/MicroBlaze_Core_I/sync_reset                                                                                        |               12 |             32 |         2.67 |
|  parser_i/clk_wiz_0/inst/clk_out1                        | parser_i/object_localizer_1/inst/u_axi_slave_interface/sensor_locations[0][2][15]_i_1_n_0                                                                                                                | parser_i/object_localizer_1/inst/u_axi_slave_interface/SR[0]                                                                                 |               10 |             32 |         3.20 |
|  parser_i/clk_wiz_0/inst/clk_out1                        | parser_i/object_localizer_1/inst/u_axi_slave_interface/sensor_locations[10][2][15]_i_1_n_0                                                                                                               | parser_i/object_localizer_1/inst/u_axi_slave_interface/SR[0]                                                                                 |               14 |             32 |         2.29 |
|  parser_i/clk_wiz_0/inst/clk_out1                        | parser_i/microblaze_0/U0/MicroBlaze_Core_I/Performance.Core/Decode_I/mem_wait_on_ready_N_carry_or/MUXCY_I/lopt_1                                                                                         |                                                                                                                                              |                5 |             32 |         6.40 |
|  parser_i/clk_wiz_0/inst/clk_out1                        | parser_i/axi_interconnect_0/xbar/inst/gen_sasd.crossbar_sasd_0/addr_arbiter_inst/s_axi_rvalid[0]                                                                                                         | parser_i/microblaze_0/U0/MicroBlaze_Core_I/sync_reset                                                                                        |               10 |             32 |         3.20 |
|  parser_i/clk_wiz_0/inst/clk_out1                        | parser_i/microblaze_0/U0/MicroBlaze_Core_I/Performance.Core/Decode_I/PreFetch_Buffer_I1/Gen_Mux_Select_LUT6[1].Gen_Sel_DFF/Using_FPGA.Native_0[0]                                                        | parser_i/microblaze_0/U0/MicroBlaze_Core_I/sync_reset                                                                                        |                8 |             32 |         4.00 |
|  parser_i/clk_wiz_0/inst/clk_out1                        | parser_i/object_localizer_1/inst/u_axi_slave_interface/sensor_locations[3][2][15]_i_1_n_0                                                                                                                | parser_i/object_localizer_1/inst/u_axi_slave_interface/SR[0]                                                                                 |               11 |             32 |         2.91 |
|  parser_i/clk_wiz_0/inst/clk_out1                        | parser_i/microblaze_0/U0/MicroBlaze_Core_I/Performance.Core/Decode_I/Use_MuxCy[3].OF_Piperun_Stage/MUXCY_I/Using_FPGA.Native_0                                                                           | parser_i/microblaze_0/U0/MicroBlaze_Core_I/Performance.Core/Decode_I/R                                                                       |               14 |             32 |         2.29 |
|  parser_i/clk_wiz_0/inst/clk_out1                        | parser_i/object_localizer_1/inst/u_axi_slave_interface/sensor_locations[5][2][15]_i_1_n_0                                                                                                                | parser_i/object_localizer_1/inst/u_axi_slave_interface/SR[0]                                                                                 |               14 |             32 |         2.29 |
|  parser_i/clk_wiz_0/inst/clk_out1                        | parser_i/object_localizer_1/inst/u_axi_slave_interface/sensor_locations[2][2][15]_i_1_n_0                                                                                                                | parser_i/object_localizer_1/inst/u_axi_slave_interface/SR[0]                                                                                 |                9 |             32 |         3.56 |
|  parser_i/clk_wiz_0/inst/clk_out1                        | parser_i/microblaze_0/U0/MicroBlaze_Core_I/Performance.Core/Decode_I/Use_MuxCy[3].OF_Piperun_Stage/MUXCY_I/Using_FPGA.Native_1[0]                                                                        | parser_i/microblaze_0/U0/MicroBlaze_Core_I/sync_reset                                                                                        |                8 |             32 |         4.00 |
|  parser_i/clk_wiz_0/inst/clk_out1                        | parser_i/object_localizer_1/inst/u_axi_slave_interface/sensor_locations[4][2][15]_i_1_n_0                                                                                                                | parser_i/object_localizer_1/inst/u_axi_slave_interface/SR[0]                                                                                 |               11 |             32 |         2.91 |
|  parser_i/clk_wiz_0/inst/clk_out1                        | parser_i/object_localizer_1/inst/u_axi_slave_interface/sensor_locations[9][2][15]_i_1_n_0                                                                                                                | parser_i/object_localizer_1/inst/u_axi_slave_interface/SR[0]                                                                                 |               13 |             32 |         2.46 |
|  parser_i/clk_wiz_0/inst/clk_out1                        | parser_i/object_localizer_1/inst/u_axi_slave_interface/sensor_locations[11][2][15]_i_1_n_0                                                                                                               | parser_i/object_localizer_1/inst/u_axi_slave_interface/SR[0]                                                                                 |               16 |             32 |         2.00 |
|  parser_i/clk_wiz_0/inst/clk_out1                        | parser_i/object_localizer_1/inst/u_axi_slave_interface/sensor_locations[6][2][15]_i_1_n_0                                                                                                                | parser_i/object_localizer_1/inst/u_axi_slave_interface/SR[0]                                                                                 |               18 |             32 |         1.78 |
|  parser_i/clk_wiz_0/inst/clk_out1                        | parser_i/object_localizer_1/inst/u_axi_slave_interface/sensor_tilt[15]_i_1_n_0                                                                                                                           | parser_i/object_localizer_1/inst/u_axi_slave_interface/SR[0]                                                                                 |                8 |             32 |         4.00 |
|  parser_i/clk_wiz_0/inst/clk_out1                        |                                                                                                                                                                                                          | parser_i/microblaze_0/U0/MicroBlaze_Core_I/Performance.Core/wb_dlmb_valid_read_data0                                                         |               10 |             32 |         3.20 |
|  parser_i/clk_wiz_0/inst/clk_out1                        | parser_i/object_localizer_1/inst/u_axi_slave_interface/sensor_locations[8][2][15]_i_1_n_0                                                                                                                | parser_i/object_localizer_1/inst/u_axi_slave_interface/SR[0]                                                                                 |               15 |             32 |         2.13 |
|  parser_i/mdm_1/U0/No_Dbg_Reg_Access.BUFG_DRCK/Dbg_Clk_0 | parser_i/microblaze_0/U0/MicroBlaze_Core_I/Performance.Core/Use_Debug_Logic.Master_Core.Debug_Perf/Serial_Dbg_Intf.New_Dbg_Instr_TCK                                                                     |                                                                                                                                              |                9 |             32 |         3.56 |
|  parser_i/clk_wiz_0/inst/clk_out1                        | parser_i/object_localizer_1/inst/u_axi_slave_interface/sensor_locations[7][2][15]_i_1_n_0                                                                                                                | parser_i/object_localizer_1/inst/u_axi_slave_interface/SR[0]                                                                                 |               15 |             32 |         2.13 |
|  parser_i/clk_wiz_0/inst/clk_out1                        | parser_i/axi_interconnect_0/xbar/inst/gen_sasd.crossbar_sasd_0/addr_arbiter_inst/E[0]                                                                                                                    |                                                                                                                                              |               10 |             33 |         3.30 |
|  parser_i/clk_wiz_0/inst/clk_out1                        | parser_i/object_localizer_1/inst/out_valid                                                                                                                                                               | parser_i/proportional_control_0/inst/u0/pwm_pan_i_1_n_0                                                                                      |               14 |             38 |         2.71 |
|  parser_i/clk_wiz_0/inst/clk_out1                        |                                                                                                                                                                                                          | parser_i/object_localizer_1/inst/u0/genblk1[1].min_u0/SS[0]                                                                                  |                6 |             40 |         6.67 |
|  parser_i/mdm_1/U0/No_Dbg_Reg_Access.BUFG_DRCK/Dbg_Clk_0 | parser_i/mdm_1/U0/Use_E2.BSCAN_I/Use_E2.BSCANE2_I_0                                                                                                                                                      |                                                                                                                                              |               17 |             47 |         2.76 |
|  parser_i/clk_wiz_0/inst/clk_out1                        | parser_i/object_localizer_1/inst/filtered_positions/genblk2[0].window[0][4][15]_i_1_n_0                                                                                                                  |                                                                                                                                              |               13 |             48 |         3.69 |
|  parser_i/clk_wiz_0/inst/clk_out1                        | parser_i/object_localizer_1/inst/filtered_positions/E[0]                                                                                                                                                 |                                                                                                                                              |               10 |             48 |         4.80 |
|  parser_i/clk_wiz_0/inst/clk_out1                        | parser_i/microblaze_0/U0/MicroBlaze_Core_I/Performance.Core/Decode_I/PreFetch_Buffer_I1/Instruction_Prefetch_Mux[32].Instr_Mux_MUXF7/if_missed_fetch_reg                                                 |                                                                                                                                              |               10 |             75 |         7.50 |
|  parser_i/mdm_1/U0/No_Dbg_Reg_Access.BUFG_DRCK/Dbg_Clk_0 |                                                                                                                                                                                                          |                                                                                                                                              |               30 |             81 |         2.70 |
|  parser_i/clk_wiz_0/inst/clk_out1                        |                                                                                                                                                                                                          | parser_i/proportional_control_0/inst/u0/ratio_x_reg                                                                                          |               30 |             96 |         3.20 |
|  parser_i/clk_wiz_0/inst/clk_out1                        | parser_i/microblaze_0/U0/MicroBlaze_Core_I/Performance.Core/Decode_I/wb_gpr_write_i_reg_0                                                                                                                |                                                                                                                                              |               16 |            128 |         8.00 |
|  parser_i/clk_wiz_0/inst/clk_out1                        | parser_i/microblaze_0/U0/MicroBlaze_Core_I/Performance.Core/Decode_I/Use_MuxCy[3].OF_Piperun_Stage/MUXCY_I/Using_FPGA.Native_0                                                                           | parser_i/microblaze_0/U0/MicroBlaze_Core_I/sync_reset                                                                                        |               67 |            166 |         2.48 |
|  parser_i/clk_wiz_0/inst/clk_out1                        | parser_i/object_localizer_1/inst/fusion_valid_reg_n_0_[1]                                                                                                                                                | parser_i/object_localizer_1/inst/filtered_positions/genblk1[3].genblk1[0].window[0][3][15]_i_1_n_0                                           |               42 |            192 |         4.57 |
|  parser_i/clk_wiz_0/inst/clk_out1                        |                                                                                                                                                                                                          | parser_i/microblaze_0/U0/MicroBlaze_Core_I/sync_reset                                                                                        |               92 |            205 |         2.23 |
|  parser_i/clk_wiz_0/inst/clk_out1                        | parser_i/microblaze_0/U0/MicroBlaze_Core_I/Performance.Core/Decode_I/Use_MuxCy[11].OF_Piperun_Stage/MUXCY_I/Using_FPGA.Native_0                                                                          | parser_i/microblaze_0/U0/MicroBlaze_Core_I/sync_reset                                                                                        |               89 |            228 |         2.56 |
|  parser_i/clk_wiz_0/inst/clk_out1                        |                                                                                                                                                                                                          |                                                                                                                                              |              156 |            405 |         2.60 |
|  parser_i/clk_wiz_0/inst/clk_out1                        |                                                                                                                                                                                                          | parser_i/object_localizer_1/inst/u_axi_slave_interface/SR[0]                                                                                 |              106 |            550 |         5.19 |
+----------------------------------------------------------+----------------------------------------------------------------------------------------------------------------------------------------------------------------------------------------------------------+----------------------------------------------------------------------------------------------------------------------------------------------+------------------+----------------+--------------+


