#-----------------------------------------------------------
# Vivado v2022.1 (64-bit)
# SW Build 3526262 on Mon Apr 18 15:48:16 MDT 2022
# IP Build 3524634 on Mon Apr 18 20:55:01 MDT 2022
# Start of session at: Mon Mar 17 19:26:52 2025
# Process ID: 40500
# Current directory: C:/Users/Muaz/Documents/MeteorDestroyer/MeteorDestroyerSystem/MeteorDestroyerSystem.runs/hdmi_object_localizer_1_0_synth_1
# Command line: vivado.exe -log hdmi_object_localizer_1_0.vds -product Vivado -mode batch -messageDb vivado.pb -notrace -source hdmi_object_localizer_1_0.tcl
# Log file: C:/Users/Muaz/Documents/MeteorDestroyer/MeteorDestroyerSystem/MeteorDestroyerSystem.runs/hdmi_object_localizer_1_0_synth_1/hdmi_object_localizer_1_0.vds
# Journal file: C:/Users/Muaz/Documents/MeteorDestroyer/MeteorDestroyerSystem/MeteorDestroyerSystem.runs/hdmi_object_localizer_1_0_synth_1\vivado.jou
# Running On: DESKTOP-BINRERU, OS: Windows, CPU Frequency: 3993 MHz, CPU Physical cores: 12, Host memory: 17119 MB
#-----------------------------------------------------------
source hdmi_object_localizer_1_0.tcl -notrace
